# level_01 草地
50 50 20
[terrain]
..................................................
..................................................
..................................................
..................................................
..................................................
..................................................
..................................................
..................................................
..................................................
..................................................
..................................................
..................................................
..................................................
..................................................
..................................................
..................................................
..................................................
..................................................
..................................................
..................................................
..................................................
..................................................
..................................................
..................................................
..................................................
..................................................
..................................................
..................................................
..................................................
..................................................
..................................................
..................................................
..................................................
..................................................
..................................................
..................................................
..................................................
..................................................
..................................................
..................................................
..................................................
..................................................
..................................................
..................................................
..................................................
..................................................
..................................................
..................................................
..................................................
..................................................
[decoration]
..................................................
.........F........................................
..................................................
.............................................F....
..................................................
..................................................
...............F..................................
..................................................
..................................................
..................................................
..................................................
............................F.....................
..................................................
..................................................
..................................................
..................................................
..................................................
..................................................
..............F............................F......
..................................................
..................................................
..................................................
..................................................
..................................................
..................................................
........................F.........................
..................................................
........................................F.........
..................................................
..................................................
.....F............................................
..................................................
..................................................
..................................................
..................................................
.................F................................
..................................................
..................................................
..................................................
..................................................
..................................................
...........................................F......
..................................................
..................................................
..................................................
..................................................
......................F...........................
..................................................
..................................................
..................................................
[deploy]
.........................xxxxxxxxxxxxxxxxxxxxxxxxx
.........................xxxxxxxxxxxxxxxxxxxxxxxxx
.........................xxxxxxxxxxxxxxxxxxxxxxxxx
.........................xxxxxxxxxxxxxxxxxxxxxxxxx
.........................xxxxxxxxxxxxxxxxxxxxxxxxx
.........................xxxxxxxxxxxxxxxxxxxxxxxxx
.........................xxxxxxxxxxxxxxxxxxxxxxxxx
.........................xxxxxxxxxxxxxxxxxxxxxxxxx
.........................xxxxxxxxxxxxxxxxxxxxxxxxx
.........................xxxxxxxxxxxxxxxxxxxxxxxxx
.........................xxxxxxxxxxxxxxxxxxxxxxxxx
.........................xxxxxxxxxxxxxxxxxxxxxxxxx
.........................xxxxxxxxxxxxxxxxxxxxxxxxx
.........................xxxxxxxxxxxxxxxxxxxxxxxxx
.........................xxxxxxxxxxxxxxxxxxxxxxxxx
.........................xxxxxxxxxxxxxxxxxxxxxxxxx
.........................xxxxxxxxxxxxxxxxxxxxxxxxx
.........................xxxxxxxxxxxxxxxxxxxxxxxxx
.........................xxxxxxxxxxxxxxxxxxxxxxxxx
.........................xxxxxxxxxxxxxxxxxxxxxxxxx
.........................xxxxxxxxxxxxxxxxxxxxxxxxx
.........................xxxxxxxxxxxxxxxxxxxxxxxxx
.........................xxxxxxxxxxxxxxxxxxxxxxxxx
.........................xxxxxxxxxxxxxxxxxxxxxxxxx
.........................xxxxxxxxxxxxxxxxxxxxxxxxx
.........................xxxxxxxxxxxxxxxxxxxxxxxxx
.........................xxxxxxxxxxxxxxxxxxxxxxxxx
.........................xxxxxxxxxxxxxxxxxxxxxxxxx
.........................xxxxxxxxxxxxxxxxxxxxxxxxx
.........................xxxxxxxxxxxxxxxxxxxxxxxxx
.........................xxxxxxxxxxxxxxxxxxxxxxxxx
.........................xxxxxxxxxxxxxxxxxxxxxxxxx
.........................xxxxxxxxxxxxxxxxxxxxxxxxx
.........................xxxxxxxxxxxxxxxxxxxxxxxxx
.........................xxxxxxxxxxxxxxxxxxxxxxxxx
.........................xxxxxxxxxxxxxxxxxxxxxxxxx
.........................xxxxxxxxxxxxxxxxxxxxxxxxx
.........................xxxxxxxxxxxxxxxxxxxxxxxxx
.........................xxxxxxxxxxxxxxxxxxxxxxxxx
.........................xxxxxxxxxxxxxxxxxxxxxxxxx
.........................xxxxxxxxxxxxxxxxxxxxxxxxx
.........................xxxxxxxxxxxxxxxxxxxxxxxxx
.........................xxxxxxxxxxxxxxxxxxxxxxxxx
.........................xxxxxxxxxxxxxxxxxxxxxxxxx
.........................xxxxxxxxxxxxxxxxxxxxxxxxx
.........................xxxxxxxxxxxxxxxxxxxxxxxxx
.........................xxxxxxxxxxxxxxxxxxxxxxxxx
.........................xxxxxxxxxxxxxxxxxxxxxxxxx
.........................xxxxxxxxxxxxxxxxxxxxxxxxx
.........................xxxxxxxxxxxxxxxxxxxxxxxxx